---
source: tests/command_tests.rs
info:
  program: artifacts-cli
  args:
    - "--log-level=debug"
    - generate
    - /home/palo/dev/nixos/nixos-artifacts/pkgs/artifacts-tui/examples/bigger_setup/backend.toml
    - /home/palo/dev/nixos/nixos-artifacts/pkgs/artifacts-tui/examples/bigger_setup/make.json
  env:
    TMPDIR: /tmp/artifacts-tui-ci
  stdin: ""
---
success: true
exit_code: 0
----- stdout -----
[generate]
DEBUG:     files to produce -> 1 files
DEBUG:       - first-secret => /run/secrets/first-secret
DEBUG:     running check_serialization: env inputs="/tmp/artifacts-tui-ci/inputs-artifact_one" machine="machine-one" artifact="artifact-one" /home/palo/dev/nixos/nixos-artifacts/pkgs/artifacts-tui/examples/bigger_setup/test_check.sh
DEBUG:     check_serialization: failed with status exit status: 1 -> continuing with generation
âš¡ machine-one/artifact-one
ðŸ’¾ serialize secrets
=== Content of /tmp/artifacts-tui-ci/out-artifact-one/first-secret ===
one
=========================
[generate]
DEBUG:     files to produce -> 1 files
DEBUG:       - second-secret => /run/secrets/second-secret
DEBUG:     running check_serialization: env inputs="/tmp/artifacts-tui-ci/inputs-artifact_two" machine="machine-one" artifact="artifact-two" /home/palo/dev/nixos/nixos-artifacts/pkgs/artifacts-tui/examples/bigger_setup/test_check.sh
DEBUG:     check_serialization: OK (exit 0) -> skipping generation and serialization for this artifact
âœ… machine-one/artifact-two
[generate]
DEBUG:     files to produce -> 1 files
DEBUG:       - first-secret => /run/secrets/first-secret
DEBUG:     running check_serialization: env inputs="/tmp/artifacts-tui-ci/inputs-artifact_one" machine="machine-two" artifact="artifact-one" /home/palo/dev/nixos/nixos-artifacts/pkgs/artifacts-tui/examples/bigger_setup/test_check.sh
DEBUG:     check_serialization: failed with status exit status: 1 -> continuing with generation
âš¡ machine-two/artifact-one
ðŸ’¾ serialize secrets
=== Content of /tmp/artifacts-tui-ci/out-artifact-one/first-secret ===
one
=========================
[generate]
DEBUG:     files to produce -> 1 files
DEBUG:       - second-secret => /run/secrets/second-secret
DEBUG:     running check_serialization: env inputs="/tmp/artifacts-tui-ci/inputs-artifact_two" machine="machine-two" artifact="artifact-two" /home/palo/dev/nixos/nixos-artifacts/pkgs/artifacts-tui/examples/bigger_setup/test_check.sh
DEBUG:     check_serialization: failed with status exit status: 1 -> continuing with generation
âš¡ machine-two/artifact-two
ðŸ’¾ serialize secrets
=== Content of /tmp/artifacts-tui-ci/out-artifact-two/second-secret ===
two
=========================

----- stderr -----
