---
source: tests/command_tests.rs
info:
  program: artifacts-cli
  args:
    - "--log-level=debug"
    - regenerate
    - /home/palo/dev/nixos/nixos-artifacts/pkgs/artifacts-tui/examples/bigger_setup/backend.toml
    - /home/palo/dev/nixos/nixos-artifacts/pkgs/artifacts-tui/examples/bigger_setup/make.json
    - "--all"
  env:
    TMPDIR: /tmp/artifacts-tui-ci
  stdin: ""
---
success: true
exit_code: 0
----- stdout -----
[regenerate]
DEBUG:     files to produce -> 1 files
DEBUG:       - first-secret => /run/secrets/first-secret
âš¡ machine-one/artifact-one
ðŸ’¾ serialize secrets
=== Content of /tmp/artifacts-tui-ci/out-artifact-one/first-secret ===
one
=========================
[regenerate]
DEBUG:     files to produce -> 1 files
DEBUG:       - second-secret => /run/secrets/second-secret
âš¡ machine-one/artifact-two
ðŸ’¾ serialize secrets
=== Content of /tmp/artifacts-tui-ci/out-artifact-two/second-secret ===
two
=========================
[regenerate]
DEBUG:     files to produce -> 1 files
DEBUG:       - first-secret => /run/secrets/first-secret
âš¡ machine-two/artifact-one
ðŸ’¾ serialize secrets
=== Content of /tmp/artifacts-tui-ci/out-artifact-one/first-secret ===
one
=========================
[regenerate]
DEBUG:     files to produce -> 1 files
DEBUG:       - second-secret => /run/secrets/second-secret
âš¡ machine-two/artifact-two
ðŸ’¾ serialize secrets
=== Content of /tmp/artifacts-tui-ci/out-artifact-two/second-secret ===
two
=========================

----- stderr -----
