---
source: tests/command_tests.rs
info:
  program: artifacts-cli
  args:
    - generate
    - /home/palo/dev/nixos/nixos-artifacts/pkgs/artifacts-tui/examples/generator_missing/backend.toml
    - /home/palo/dev/nixos/nixos-artifacts/pkgs/artifacts-tui/examples/generator_missing/make.json
  env:
    ARTIFACTS_TUI_TEST_FIXED_TMP: "1"
    TMPDIR: /tmp/artifacts-tui-ci
  stdin: "one\ntwo\n"
---
success: false
exit_code: 101
----- stdout -----
[generate] machine: machine-name
  - artifact: test-artifact
    files to produce -> 2 files
      - very-simple-secrets => /run/secrets/very-simple-secrets
      - simple-secrets => /run/secrets/simple-secrets owner=deployer group=deployer
    running check_serialization: env inputs="/tmp/artifacts-tui-ci/artifacts-tui-test-test_artifact-inputs" machine="machine-name" artifact="test-artifact" /home/palo/dev/nixos/nixos-artifacts/pkgs/artifacts-tui/examples/generator_missing/test_check.sh
    check_serialization: failed with status exit status: 1 -> continuing with generation
secret number 1
enter prompt secret1: 
secret number 2
enter prompt secret2: 

----- stderr -----
/bin/sh: /home/palo/dev/nixos/nixos-artifacts/pkgs/artifacts-tui/examples/generator_missing/./not_there_test_generator.sh: No such file or directory

thread 'main' panicked at src/backend/generator.rs:94:21:
generator failed inside nix-shell with exit status: exit status: 127
note: run with `RUST_BACKTRACE=1` environment variable to display a backtrace
