---
source: tests/command_tests.rs
info:
  program: artifacts
  args:
    - "--log-level=debug"
    - regenerate
    - /home/palo/dev/artifacts/nixos-artifacts/pkgs/artifacts-tui/examples/bigger_setup/backend.toml
    - /home/palo/dev/artifacts/nixos-artifacts/pkgs/artifacts-tui/examples/bigger_setup/make.json
    - "--machine=machine-one"
    - "--artifact=artifact-one"
  env:
    TMPDIR: /tmp/artifacts-tui-ci
  stdin: ""
---
success: true
exit_code: 0
----- stdout -----
[regenerate]
DEBUG:     files to produce -> 1 files
DEBUG:       - first-secret => /run/secrets/first-secret
âš¡ machine-one/artifact-one
DEBUG: bwrap command: bwrap --unshare-all --unshare-user --uid 1000 --gid 1000 --tmpfs / --chdir / --ro-bind /nix/store /nix/store --tmpfs /usr/lib/systemd --proc /proc --dev /dev --bind /tmp/artifacts-tui-ci/prompt-artifact-one /tmp/artifacts-tui-ci/prompt-artifact-one --bind /tmp/artifacts-tui-ci/out-artifact-one /tmp/artifacts-tui-ci/out-artifact-one --ro-bind /home/palo/dev/artifacts/nixos-artifacts/pkgs/artifacts-tui/examples/bigger_setup /home/palo/dev/artifacts/nixos-artifacts/pkgs/artifacts-tui/examples/bigger_setup --ro-bind /bin /bin --ro-bind /usr/bin /usr/bin --ro-bind /tmp/artifacts-tui-ci/artifacts-tui-passwd-371ed15b95352dfc.txt /etc/passwd -- /bin/sh /home/palo/dev/artifacts/nixos-artifacts/pkgs/artifacts-tui/examples/bigger_setup/test_generator_one.sh
ðŸ’¾ serialize secrets
=== Content of /tmp/artifacts-tui-ci/out-artifact-one/first-secret ===
one
=========================
âœ… machine-one/artifact-two
âœ… machine-two/artifact-one
âœ… machine-two/artifact-two

----- stderr -----
