---
source: tests/command_tests.rs
info:
  program: artifacts-cli
  args:
    - "--help"
---
success: true
exit_code: 0
----- stdout -----
TUI for managing NixOS artifacts

Usage: artifacts-cli [OPTIONS] <COMMAND>

Commands:
  generate    Generate artifacts
  regenerate  Regenerate selected artifacts (or all)
  list        List all machines and artifacts configured in make.json
  help        Print this message or the help of the given subcommand(s)

Options:
      --log-level <LOG_LEVEL>  Set the logging level (error, warning, info, debug, trace) [default: info] [possible values: error, warning, info, debug, trace]
  -h, --help                   Print help
  -V, --version                Print version

----- stderr -----
