---
source: tests/command_tests.rs
info:
  program: artifacts
  args:
    - "--log-level=debug"
    - generate
    - /home/palo/dev/artifacts/nixos-artifacts/pkgs/artifacts-tui/examples/artifact_names/backend.toml
    - /home/palo/dev/artifacts/nixos-artifacts/pkgs/artifacts-tui/examples/artifact_names/make.json
    - "--machine=machine-name"
  env:
    TMPDIR: /tmp/artifacts-tui-ci
  stdin: ""
---
success: true
exit_code: 0
----- stdout -----
[generate]
DEBUG:     files to produce -> 5 files
DEBUG:       - fifth secret => /run/secrets/fifth secret
DEBUG:       - first.secret => /run/secrets/first.secret
DEBUG:       - forthSecret => /run/secrets/forthSecret
DEBUG:       - first_secret => /run/secrets/first_secret
DEBUG:       - third-secret => /run/secrets/third-secret
DEBUG:     running check_serialization: env inputs="/tmp/artifacts-tui-ci/inputs-artifact.one" machine="machine-name" artifact="artifact.one" /home/palo/dev/artifacts/nixos-artifacts/pkgs/artifacts-tui/examples/artifact_names/test_check.sh
fifth secret
first.secret
first_secret
forthSecret
third-secret
DEBUG:     check_serialization: failed with status exit status: 1 -> continuing with generation
âš¡ machine-name/artifact.one
DEBUG: bwrap command: bwrap --unshare-all --unshare-user --uid 1000 --gid 1000 --tmpfs / --chdir / --ro-bind /nix/store /nix/store --tmpfs /usr/lib/systemd --proc /proc --dev /dev --bind /tmp/artifacts-tui-ci/prompt-artifact.one /tmp/artifacts-tui-ci/prompt-artifact.one --bind /tmp/artifacts-tui-ci/out-artifact.one /tmp/artifacts-tui-ci/out-artifact.one --ro-bind /home/palo/dev/artifacts/nixos-artifacts/pkgs/artifacts-tui/examples/artifact_names /home/palo/dev/artifacts/nixos-artifacts/pkgs/artifacts-tui/examples/artifact_names --ro-bind /bin /bin --ro-bind /usr/bin /usr/bin --ro-bind /tmp/artifacts-tui-ci/artifacts-tui-passwd-65ccc173a2653c6b.txt /etc/passwd -- /bin/sh /home/palo/dev/artifacts/nixos-artifacts/pkgs/artifacts-tui/examples/artifact_names/test_generator.sh
ðŸ’¾ serialize secrets
=== Content of /tmp/artifacts-tui-ci/out-artifact.one/fifth secret ===
test
=========================
=== Content of /tmp/artifacts-tui-ci/out-artifact.one/first.secret ===
test
=========================
=== Content of /tmp/artifacts-tui-ci/out-artifact.one/forthSecret ===
test
=========================
=== Content of /tmp/artifacts-tui-ci/out-artifact.one/second_secret ===
test
=========================
=== Content of /tmp/artifacts-tui-ci/out-artifact.one/third-secret ===
test
=========================

----- stderr -----
