---
source: tests/command_tests.rs
info:
  program: artifacts-cli
  args:
    - regenerate
    - "--help"
---
success: true
exit_code: 0
----- stdout -----
Regenerate selected artifacts (or all)

Usage: artifacts-cli regenerate [OPTIONS] <BACKEND> <MAKE>

Arguments:
  <BACKEND>  Path to backend configuration file (backend.toml)
  <MAKE>     Path to make configuration file (make.json)

Options:
      --all                  Regenerate all artifacts from all machines (conflicts with --machine/--artifact)
      --machine <MACHINE>    Name of machine(s) to target (repeatable)
      --artifact <ARTIFACT>  Name of artifact(s) to target (repeatable)
  -h, --help                 Print help

----- stderr -----
