---
source: tests/command_tests.rs
info:
  program: artifacts
  args:
    - generate
    - "--help"
---
success: true
exit_code: 0
----- stdout -----
Generate artifacts

Backend configuration is read from the environment variable NIXOS_ARTIFACTS_BACKEND_CONFIG if set; otherwise, it falls back to <flake-dir>/backend.toml.

Usage: artifacts generate [OPTIONS] [MAKE]

Arguments:
  [MAKE]
          Path to flake to read machines/artifacts from (passed as -I flake=<path> to nix). If omitted, uses the current directory

Options:
      --all
          Regenerate all artifacts from all machines (conflicts with --machine/--artifact)

      --machine <MACHINE>
          Name of machine(s) to target (repeatable)

      --artifact <ARTIFACT>
          Name of artifact(s) to target (repeatable)

  -h, --help
          Print help (see a summary with '-h')

----- stderr -----
